=== RUN   TestIntegration
    integration_test.go:81: --- Scenario 1: Initial Backup from Source Root ---
    integration_test.go:84: Backup Output: Starting backup...
        Archiving: file1.txt
        Archiving: sub\file2.txt
        Backup completed successfully. Head: 251225-183830 (Project: integration-test-proj)
        
        Backup Summary:
          Files:       2 total, 2 archived
          Directories: 2 total, 2 archived
          Bytes:       22 archived
    integration_test.go:87: Snapshot 1: 251225-183830
    integration_test.go:103: --- Scenario 2: Listing ---
    integration_test.go:115: --- Scenario 3: Incremental Backup from Subdirectory ---
    integration_test.go:126: Backup (Subdir) Output: Starting backup...
        Archiving: file1.txt
        Archiving: sub\file3.txt
        Backup completed successfully. Head: 251225-183831 (Project: integration-test-proj)
        
        Backup Summary:
          Files:       3 total, 2 archived
          Directories: 2 total, 2 archived
          Bytes:       22 archived
    integration_test.go:134: --- Scenario 4: Status from Subdirectory ---
    integration_test.go:139: Status (Subdir) Output: Last backup was at 251225-183831
        
        E file2.txt #C:\Users\George\AppData\Local\Temp\backup_integration_test3174567603\store\data\b6\b6c6e58d7241433ea92f51e28fff5cdf.gz
        . file3.txt
        
        	2	Files
        	0	Directories
        .	1	File or directory archived
        E	1	Archived, the archive content file is missing
    integration_test.go:171: --- Scenario 5: Headless Operations (From Store) ---
    integration_test.go:226: --- Scenario 8: Restore into Source Subdir ---
    integration_test.go:238: --- Scenario 8b: Restore Symlink ---
    integration_test.go:240: Skipping symlink test on Windows
    integration_test.go:280: --- Scenario 9: Integrity Check (Healthy) ---
    integration_test.go:292: --- Scenario 10: Integrity Check (Corrupted) ---
    integration_test.go:370: --- Scenario 11: Auto-detected Headless Operation ---
    integration_test.go:383: --- Scenario 12: Status from Store (Headless) ---
    integration_test.go:402: --- Scenario 13: Multi-project Headless Status ---
    integration_test.go:437: --- Scenario 14: Backup from Headless/Store should fail ---
    integration_test.go:458: --- Scenario 15: Graceful handling of empty snapshot file ---
    integration_test.go:481: --- Scenario 16: init-store ---
    integration_test.go:503: --- Scenario 17: init source ---
    integration_test.go:533: --- Scenario 18: Ignores ---
    integration_test.go:592: Backup Output:
         Starting backup...
        Archiving: .backupignore
        Archiving: included.txt
        Archiving: sub\sub_included.dat
        Archiving: sub\.gitignore
        Archiving: sub\nested\.backupignore
        Archiving: sub\nested\should_be_ignored.log
        Backup completed successfully. Head: 251225-183831 (Project: ignore-test)
        
        Backup Summary:
          Files:       6 total, 6 archived
          Directories: 3 total, 3 archived
          Bytes:       90 archived
        
    integration_test.go:613: --- Scenario 19: Status with --show-ignored ---
    integration_test.go:621: Status Output:
        Last backup was at 251225-183831
        
        I ignored.txt (Ignored by .backupignore: ignored.txt)
        . .backupignore
        . included.txt
        . sub/
        I sub\sub_ignored.log (Ignored by .gitignore: *.log)
        . sub\.gitignore
        . sub\nested/
        . sub\nested\.backupignore
        . sub\nested\should_be_ignored.log
        . sub\sub_included.dat
        
        	6	Files
        	2	Directories
        .	8	File or directory archived
        I	2	Ignored files
    integration_test.go:627: Status output missing sub_ignored.log reason
    integration_test.go:638: --- Scenario 20: Prune Unreferenced Blobs ---
    integration_test.go:644: Created Snap A: 251225-183832
    integration_test.go:650: Created Snap B: 251225-183833
    integration_test.go:678: Prune Dry-Run Output: [dry-run] Found 2 unreferenced blobs, would reclaim 165 bytes
    integration_test.go:692: Prune Output: Pruned 2 unreferenced blobs, reclaimed 165 bytes
    integration_test.go:719: --- Scenario 21: Multi-project Reference Safety ---
    integration_test.go:748: --- Scenario 22: Nested Directory Prune Safety ---
    integration_test.go:775: --- Scenario 23: Remove Snapshot ---
    integration_test.go:812: --- Scenario 24: Verify README creation ---
    integration_test.go:836: --- Scenario 25: Retroactive README creation ---
    integration_test.go:863: --- Scenario 24: Hash Cache Verification ---
    integration_test.go:897: --- Scenario 25: Prune Hash Cache ---
    integration_test.go:919: --- Scenario 26: Unicode Filenames ---
    integration_test.go:1001: --- Scenario 27: Version Command ---
--- FAIL: TestIntegration (9.21s)
FAIL
FAIL	djabi.dev/go/backup/cmd/backup	9.766s
FAIL
